// Jest Snapshot v1, https://goo.gl/fbAQLP

exports[`renders correctly 1`] = `
<button
  className="makeStyles-btn-1 makeStyles-btn-4"
  type="submit"
>
  Name
</button>
`;
